<!doctype html public "-//w3c//dtd html 4.0 transitional//en">
<html><head>
<title>Static Call Graph - [.\code.axf]</title></head>
<body><HR>
<H1>Static Call Graph for image .\code.axf</H1><HR>
<BR><P>#&#060CALLGRAPH&#062# ARM Linker, 6240002: Last Updated: Mon Nov 24 17:44:11 2025
<BR><P>
<H3>Maximum Stack Usage =          0 bytes + Unknown(Untraceable Function Pointers)</H3><H3>
Call chain for Maximum Stack Depth:</H3>

<P>
<H3>
Function Pointers
</H3><UL>
 <LI><a href="#[0]">Reset_Handler</a> from startup_cmsdk_cm0.o(.text) referenced from startup_cmsdk_cm0.o(RESET)
</UL>
<P>
<H3>
Global Symbols
</H3>
<P><STRONG><a name="[0]"></a>Reset_Handler</STRONG> (Thumb, 2 bytes, Stack size 0 bytes, startup_cmsdk_cm0.o(.text))
<BR><BR>[Calls]<UL><LI><a href="#[1]">&gt;&gt;</a>&nbsp;&nbsp;&nbsp;start
</UL>
<BR>[Address Reference Count : 1]<UL><LI> startup_cmsdk_cm0.o(RESET)
</UL><P>
<H3>
Local Symbols
</H3>
<P><STRONG><a name="[1]"></a>start</STRONG> (Thumb, 12 bytes, Stack size 0 bytes, startup_cmsdk_cm0.o(template))
<BR><BR>[Called By]<UL><LI><a href="#[0]">&gt;&gt;</a>&nbsp;&nbsp;&nbsp;Reset_Handler
</UL>
<P>
<H3>
Undefined Global Symbols
</H3><HR></body></html>
